Γû▓ Next.js 16.1.6 (Turbopack)
- Environments: .env

  Creating an optimized production build ...
node.exe : 
At C:\Program Files\no
dejs\npx.ps1:29 char:3
+   & $NODE_EXE 
$NPX_CLI_JS $args
+   ~~~~~~~~~~~~~~~~~~
~~~~~~~~~~~
    + CategoryInfo    
          : NotSpeci  
  fied: (:String) [   
 ], RemoteExceptio    
n
    + FullyQualifiedE 
   rrorId : NativeCo  
  mmandError
 
> Build error occurred
Error: Turbopack 
build failed with 7 
errors:
./src/app/discussions/
new/page.tsx:4:1
Module not found: 
Can't resolve 
'@/../../auth'
[0m [90m 2 |[39m 
[36mimport[39m 
prisma [36mfrom[39m 
[32m"@/lib/prisma"[3
9m[33m;[39m
 [90m 3 |[39m 
[36mimport[39m { 
redirect } 
[36mfrom[39m [32m"n
ext/navigation"[39m[
33m;[39m
[31m[1m>[22m[39m[
90m 4 |[39m 
[36mimport[39m { 
auth } [36mfrom[39m 
[32m"@/../../auth"[3
9m[33m;[39m
 [90m   |[39m [31m
[1m^[22m[39m[31m[1
m^[22m[39m[31m[1m^
[22m[39m[31m[1m^[
22m[39m[31m[1m^[22
m[39m[31m[1m^[22m
[39m[31m[1m^[22m[3
9m[31m[1m^[22m[39m
[31m[1m^[22m[39m[
31m[1m^[22m[39m[31
m[1m^[22m[39m[31m
[1m^[22m[39m[31m[1
m^[22m[39m[31m[1m^
[22m[39m[31m[1m^[
22m[39m[31m[1m^[22
m[39m[31m[1m^[22m
[39m[31m[1m^[22m[3
9m[31m[1m^[22m[39m
[31m[1m^[22m[39m[
31m[1m^[22m[39m[31
m[1m^[22m[39m[31m
[1m^[22m[39m[31m[1
m^[22m[39m[31m[1m^
[22m[39m[31m[1m^[
22m[39m[31m[1m^[22
m[39m[31m[1m^[22m
[39m[31m[1m^[22m[3
9m[31m[1m^[22m[39m
[31m[1m^[22m[39m[
31m[1m^[22m[39m[31
m[1m^[22m[39m[31m
[1m^[22m[39m[31m[1
m^[22m[39m[31m[1m^
[22m[39m
 [90m 5 |[39m
 [90m 6 |[39m 
[36mexport[39m 
[36mdefault[39m 
[36masync[39m 
[36mfunction[39m [3
3mNewDiscussionPage[3
9m() {
 [90m 7 |[39m     
[36mconst[39m 
session [33m=[39m 
[36mawait[39m 
auth()[33m;[39m[0m

Import map: aliased 
to relative 
'./src/../../auth' 
inside of [project]/


https://nextjs.org/doc
s/messages/module-not-
found


./src/app/discussions/
page.tsx:7:1
Module not found: 
Can't resolve 
'@/../../auth'
[0m [90m  5 |[39m 
[36mimport[39m 
prisma [36mfrom[39m 
[32m"@/lib/prisma"[3
9m[33m;[39m
 [90m  6 |[39m 
[36mimport[39m [33m
UpvoteButton[39m 
[36mfrom[39m [32m"@
/components/UpvoteButt
on"[39m[33m;[39m
[31m[1m>[22m[39m[
90m  7 |[39m 
[36mimport[39m { 
auth } [36mfrom[39m 
[32m"@/../../auth"[3
9m[33m;[39m
 [90m    |[39m [31m
[1m^[22m[39m[31m[
1m^[22m[39m[31m[1m
^[22m[39m[31m[1m^
[22m[39m[31m[1m^[2
2m[39m[31m[1m^[22m
[39m[31m[1m^[22m[
39m[31m[1m^[22m[39
m[31m[1m^[22m[39m
[31m[1m^[22m[39m[3
1m[1m^[22m[39m[31m
[1m^[22m[39m[31m[
1m^[22m[39m[31m[1m
^[22m[39m[31m[1m^
[22m[39m[31m[1m^[2
2m[39m[31m[1m^[22m
[39m[31m[1m^[22m[
39m[31m[1m^[22m[39
m[31m[1m^[22m[39m
[31m[1m^[22m[39m[3
1m[1m^[22m[39m[31m
[1m^[22m[39m[31m[
1m^[22m[39m[31m[1m
^[22m[39m[31m[1m^
[22m[39m[31m[1m^[2
2m[39m[31m[1m^[22m
[39m[31m[1m^[22m[
39m[31m[1m^[22m[39
m[31m[1m^[22m[39m
[31m[1m^[22m[39m[3
1m[1m^[22m[39m[31m
[1m^[22m[39m[31m[
1m^[22m[39m[31m[1m
^[22m[39m
 [90m  8 |[39m
 [90m  9 |[39m 
[36mexport[39m 
[36mconst[39m 
metadata [33m=[39m {
 [90m 10 |[39m     
title[33m:[39m 
[32m"Discussions ΓÇö 
DevCircle"[39m[33m,
[39m[0m

Import map: aliased 
to relative 
'./src/../../auth' 
inside of [project]/


https://nextjs.org/doc
s/messages/module-not-
found


./src/app/events/new/p
age.tsx:4:1
Module not found: 
Can't resolve 
'@/../../auth'
[0m [90m 2 |[39m 
[36mimport[39m { [3
3mPrismaClient[39m } 
[36mfrom[39m [32m"@
prisma/client"[39m[3
3m;[39m
 [90m 3 |[39m 
[36mimport[39m { 
redirect } 
[36mfrom[39m [32m"n
ext/navigation"[39m[
33m;[39m
[31m[1m>[22m[39m[
90m 4 |[39m 
[36mimport[39m { 
auth } [36mfrom[39m 
[32m"@/../../auth"[3
9m[33m;[39m
 [90m   |[39m [31m
[1m^[22m[39m[31m[1
m^[22m[39m[31m[1m^
[22m[39m[31m[1m^[
22m[39m[31m[1m^[22
m[39m[31m[1m^[22m
[39m[31m[1m^[22m[3
9m[31m[1m^[22m[39m
[31m[1m^[22m[39m[
31m[1m^[22m[39m[31
m[1m^[22m[39m[31m
[1m^[22m[39m[31m[1
m^[22m[39m[31m[1m^
[22m[39m[31m[1m^[
22m[39m[31m[1m^[22
m[39m[31m[1m^[22m
[39m[31m[1m^[22m[3
9m[31m[1m^[22m[39m
[31m[1m^[22m[39m[
31m[1m^[22m[39m[31
m[1m^[22m[39m[31m
[1m^[22m[39m[31m[1
m^[22m[39m[31m[1m^
[22m[39m[31m[1m^[
22m[39m[31m[1m^[22
m[39m[31m[1m^[22m
[39m[31m[1m^[22m[3
9m[31m[1m^[22m[39m
[31m[1m^[22m[39m[
31m[1m^[22m[39m[31
m[1m^[22m[39m[31m
[1m^[22m[39m[31m[1
m^[22m[39m[31m[1m^
[22m[39m
 [90m 5 |[39m
 [90m 6 |[39m 
[36mconst[39m 
prisma [33m=[39m 
[36mnew[39m [33mPri
smaClient[39m()[33m;
[39m
 [90m 7 |[39m[0m

Import map: aliased 
to relative 
'./src/../../auth' 
inside of [project]/


https://nextjs.org/doc
s/messages/module-not-
found


./src/app/events/page.
tsx:6:1
Module not found: 
Can't resolve 
'@/../../auth'
[0m [90m 4 |[39m 
[36mimport[39m 
prisma [36mfrom[39m 
[32m"@/lib/prisma"[3
9m[33m;[39m
 [90m 5 |[39m 
[36mimport[39m 
[33mRsvpButton[39m 
[36mfrom[39m [32m"@
/components/RsvpButton
"[39m[33m;[39m
[31m[1m>[22m[39m[
90m 6 |[39m 
[36mimport[39m { 
auth } [36mfrom[39m 
[32m"@/../../auth"[3
9m[33m;[39m
 [90m   |[39m [31m
[1m^[22m[39m[31m[1
m^[22m[39m[31m[1m^
[22m[39m[31m[1m^[
22m[39m[31m[1m^[22
m[39m[31m[1m^[22m
[39m[31m[1m^[22m[3
9m[31m[1m^[22m[39m
[31m[1m^[22m[39m[
31m[1m^[22m[39m[31
m[1m^[22m[39m[31m
[1m^[22m[39m[31m[1
m^[22m[39m[31m[1m^
[22m[39m[31m[1m^[
22m[39m[31m[1m^[22
m[39m[31m[1m^[22m
[39m[31m[1m^[22m[3
9m[31m[1m^[22m[39m
[31m[1m^[22m[39m[
31m[1m^[22m[39m[31
m[1m^[22m[39m[31m
[1m^[22m[39m[31m[1
m^[22m[39m[31m[1m^
[22m[39m[31m[1m^[
22m[39m[31m[1m^[22
m[39m[31m[1m^[22m
[39m[31m[1m^[22m[3
9m[31m[1m^[22m[39m
[31m[1m^[22m[39m[
31m[1m^[22m[39m[31
m[1m^[22m[39m[31m
[1m^[22m[39m[31m[1
m^[22m[39m[31m[1m^
[22m[39m
 [90m 7 |[39m
 [90m 8 |[39m 
[36mexport[39m 
[36mconst[39m 
metadata [33m=[39m {
 [90m 9 |[39m     
title[33m:[39m 
[32m"Events ΓÇö DevCi
rcle"[39m[33m,[39m
[0m

Import map: aliased 
to relative 
'./src/../../auth' 
inside of [project]/


https://nextjs.org/doc
s/messages/module-not-
found


./src/app/projects/new
/page.tsx:4:1
Module not found: 
Can't resolve 
'@/../../auth'
[0m [90m 2 |[39m 
[36mimport[39m { [3
3mPrismaClient[39m } 
[36mfrom[39m [32m"@
prisma/client"[39m[3
3m;[39m
 [90m 3 |[39m 
[36mimport[39m { 
redirect } 
[36mfrom[39m [32m"n
ext/navigation"[39m[
33m;[39m
[31m[1m>[22m[39m[
90m 4 |[39m 
[36mimport[39m { 
auth } [36mfrom[39m 
[32m"@/../../auth"[3
9m[33m;[39m
 [90m   |[39m [31m
[1m^[22m[39m[31m[1
m^[22m[39m[31m[1m^
[22m[39m[31m[1m^[
22m[39m[31m[1m^[22
m[39m[31m[1m^[22m
[39m[31m[1m^[22m[3
9m[31m[1m^[22m[39m
[31m[1m^[22m[39m[
31m[1m^[22m[39m[31
m[1m^[22m[39m[31m
[1m^[22m[39m[31m[1
m^[22m[39m[31m[1m^
[22m[39m[31m[1m^[
22m[39m[31m[1m^[22
m[39m[31m[1m^[22m
[39m[31m[1m^[22m[3
9m[31m[1m^[22m[39m
[31m[1m^[22m[39m[
31m[1m^[22m[39m[31
m[1m^[22m[39m[31m
[1m^[22m[39m[31m[1
m^[22m[39m[31m[1m^
[22m[39m[31m[1m^[
22m[39m[31m[1m^[22
m[39m[31m[1m^[22m
[39m[31m[1m^[22m[3
9m[31m[1m^[22m[39m
[31m[1m^[22m[39m[
31m[1m^[22m[39m[31
m[1m^[22m[39m[31m
[1m^[22m[39m[31m[1
m^[22m[39m[31m[1m^
[22m[39m
 [90m 5 |[39m
 [90m 6 |[39m 
[36mconst[39m 
prisma [33m=[39m 
[36mnew[39m [33mPri
smaClient[39m()[33m;
[39m
 [90m 7 |[39m[0m

Import map: aliased 
to relative 
'./src/../../auth' 
inside of [project]/


https://nextjs.org/doc
s/messages/module-not-
found


./src/lib/actions/crea
te.ts:6:1
Module not found: 
Can't resolve 
'@/../../auth'
[0m [90m 4 |[39m 
[36mimport[39m { 
revalidatePath } 
[36mfrom[39m [32m"n
ext/cache"[39m[33m;
[39m
 [90m 5 |[39m 
[36mimport[39m { 
redirect } 
[36mfrom[39m [32m"n
ext/navigation"[39m[
33m;[39m
[31m[1m>[22m[39m[
90m 6 |[39m 
[36mimport[39m { 
auth } [36mfrom[39m 
[32m"@/../../auth"[3
9m[33m;[39m
 [90m   |[39m [31m
[1m^[22m[39m[31m[1
m^[22m[39m[31m[1m^
[22m[39m[31m[1m^[
22m[39m[31m[1m^[22
m[39m[31m[1m^[22m
[39m[31m[1m^[22m[3
9m[31m[1m^[22m[39m
[31m[1m^[22m[39m[
31m[1m^[22m[39m[31
m[1m^[22m[39m[31m
[1m^[22m[39m[31m[1
m^[22m[39m[31m[1m^
[22m[39m[31m[1m^[
22m[39m[31m[1m^[22
m[39m[31m[1m^[22m
[39m[31m[1m^[22m[3
9m[31m[1m^[22m[39m
[31m[1m^[22m[39m[
31m[1m^[22m[39m[31
m[1m^[22m[39m[31m
[1m^[22m[39m[31m[1
m^[22m[39m[31m[1m^
[22m[39m[31m[1m^[
22m[39m[31m[1m^[22
m[39m[31m[1m^[22m
[39m[31m[1m^[22m[3
9m[31m[1m^[22m[39m
[31m[1m^[22m[39m[
31m[1m^[22m[39m[31
m[1m^[22m[39m[31m
[1m^[22m[39m[31m[1
m^[22m[39m[31m[1m^
[22m[39m
 [90m 7 |[39m
 [90m 8 |[39m 
[36mexport[39m 
[36masync[39m 
[36mfunction[39m cre
ateDiscussion(formData
[33m:[39m 
[33mFormData[39m) {
 [90m 9 |[39m     
[36mconst[39m 
session [33m=[39m 
[36mawait[39m 
auth()[33m;[39m[0m

Import map: aliased 
to relative 
'./src/../../auth' 
inside of [project]/


Import trace:
  Server Component:
    ./src/lib/actions/
create.ts
    ./src/app/discussi
ons/new/page.tsx

https://nextjs.org/doc
s/messages/module-not-
found


./src/lib/actions/prof
ile.ts:5:1
Module not found: 
Can't resolve 
'@/../../auth'
[0m [90m 3 |[39m 
[36mimport[39m 
prisma [36mfrom[39m 
[32m"@/lib/prisma"[3
9m[33m;[39m
 [90m 4 |[39m 
[36mimport[39m { 
revalidatePath } 
[36mfrom[39m [32m"n
ext/cache"[39m[33m;
[39m
[31m[1m>[22m[39m[
90m 5 |[39m 
[36mimport[39m { 
auth } [36mfrom[39m 
[32m"@/../../auth"[3
9m[33m;[39m
 [90m   |[39m [31m
[1m^[22m[39m[31m[1
m^[22m[39m[31m[1m^
[22m[39m[31m[1m^[
22m[39m[31m[1m^[22
m[39m[31m[1m^[22m
[39m[31m[1m^[22m[3
9m[31m[1m^[22m[39m
[31m[1m^[22m[39m[
31m[1m^[22m[39m[31
m[1m^[22m[39m[31m
[1m^[22m[39m[31m[1
m^[22m[39m[31m[1m^
[22m[39m[31m[1m^[
22m[39m[31m[1m^[22
m[39m[31m[1m^[22m
[39m[31m[1m^[22m[3
9m[31m[1m^[22m[39m
[31m[1m^[22m[39m[
31m[1m^[22m[39m[31
m[1m^[22m[39m[31m
[1m^[22m[39m[31m[1
m^[22m[39m[31m[1m^
[22m[39m[31m[1m^[
22m[39m[31m[1m^[22
m[39m[31m[1m^[22m
[39m[31m[1m^[22m[3
9m[31m[1m^[22m[39m
[31m[1m^[22m[39m[
31m[1m^[22m[39m[31
m[1m^[22m[39m[31m
[1m^[22m[39m[31m[1
m^[22m[39m[31m[1m^
[22m[39m
 [90m 6 |[39m
 [90m 7 |[39m 
[36mexport[39m 
[36masync[39m 
[36mfunction[39m upd
ateProfile(formData[3
3m:[39m 
[33mFormData[39m) {
 [90m 8 |[39m     
[36mconst[39m 
session [33m=[39m 
[36mawait[39m 
auth()[33m;[39m[0m

Import map: aliased 
to relative 
'./src/../../auth' 
inside of [project]/


Import trace:
  Server Component:
    ./src/lib/actions/
profile.ts
    ./src/app/profile/
edit/page.tsx

https://nextjs.org/doc
s/messages/module-not-
found


    at <unknown> (./sr
c/app/discussions/new/
page.tsx:4:1)
    at <unknown> (http
s://nextjs.org/docs/me
ssages/module-not-foun
d)
    at <unknown> (./sr
c/app/discussions/page
.tsx:7:1)
    at <unknown> (http
s://nextjs.org/docs/me
ssages/module-not-foun
d)
    at <unknown> (./sr
c/app/events/new/page.
tsx:4:1)
    at <unknown> (http
s://nextjs.org/docs/me
ssages/module-not-foun
d)
    at <unknown> (./sr
c/app/events/page.tsx:
6:1)
    at <unknown> (http
s://nextjs.org/docs/me
ssages/module-not-foun
d)
    at <unknown> (./sr
c/app/projects/new/pag
e.tsx:4:1)
    at <unknown> (http
s://nextjs.org/docs/me
ssages/module-not-foun
d)
    at <unknown> (./sr
c/lib/actions/create.t
s:6:1)
    at <unknown> (http
s://nextjs.org/docs/me
ssages/module-not-foun
d)
    at <unknown> (./sr
c/lib/actions/profile.
ts:5:1)
    at <unknown> (http
s://nextjs.org/docs/me
ssages/module-not-foun
d)
