.next/dev/types/validator.ts(234,31): error TS2344: Type 'typeof import("D:/VNIT/DevCircle/devcircle/src/app/api/messages/[userId]/route")' does not satisfy the constraint 'RouteHandlerConfig<"/api/messages/[userId]">'.
  Types of property 'GET' are incompatible.
    Type '(request: Request, { params }: { params: { userId: string; }; }) => Promise<NextResponse<unknown>>' is not assignable to type '(request: NextRequest, context: { params: Promise<{ userId: string; }>; }) => void | Response | Promise<void | Response>'.
      Types of parameters '__1' and 'context' are incompatible.
        Type '{ params: Promise<{ userId: string; }>; }' is not assignable to type '{ params: { userId: string; }; }'.
          Types of property 'params' are incompatible.
            Property 'userId' is missing in type 'Promise<{ userId: string; }>' but required in type '{ userId: string; }'.
